[03:22:48] [main/INFO]: Loading Minecraft 1.21.11 with Fabric Loader 0.18.2
[03:22:50] [main/WARN]: Warnings were found!
 - Mod 'Forge Config API Port' (forgeconfigapiport) 21.11.1 recommends any version of modmenu, which is missing!
	 - You should install any version of modmenu for the optimal experience.
[03:22:50] [main/INFO]: Loading 65 mods:
	- balm 21.11.6
	   \-- kuma_api 21.11.12
	- clumps 29.0.0.1
	- diagonalfences 21.11.1
	   \-- diagonalblocks 21.11.1
	- easyanvils 21.11.0
	- easymagic 21.11.0
	- easyshulkerboxes 21.11.0
	   \-- iteminteractions 21.11.0
	- fabric-api 0.141.3+1.21.11
	   |-- fabric-api-base 1.0.5+4ebb5c083e
	   |-- fabric-api-lookup-api-v1 1.6.114+20dc27073e
	   |-- fabric-biome-api-v1 17.1.1+4fc5413f3e
	   |-- fabric-block-api-v1 1.1.10+4ebb5c083e
	   |-- fabric-block-view-api-v2 1.0.39+4ebb5c083e
	   |-- fabric-command-api-v2 2.4.7+6b42a6003e
	   |-- fabric-content-registries-v0 10.2.14+4fc5413f3e
	   |-- fabric-convention-tags-v1 2.1.55+7f945d5b3e
	   |-- fabric-convention-tags-v2 2.17.3+8ef948ba3e
	   |-- fabric-crash-report-info-v1 0.3.23+4ebb5c083e
	   |-- fabric-data-attachment-api-v1 1.8.47+eed0806f3e
	   |-- fabric-data-generation-api-v1 23.4.0+69974c4e3e
	   |-- fabric-dimensions-v1 4.0.28+4fc5413f3e
	   |-- fabric-entity-events-v1 3.1.1+1d0ab4303e
	   |-- fabric-events-interaction-v0 4.1.0+3b89ecf63e
	   |-- fabric-game-rule-api-v1 2.0.3+4fc5413f3e
	   |-- fabric-item-api-v1 11.5.20+d0c46b9e3e
	   |-- fabric-item-group-api-v1 4.2.36+4fc5413f3e
	   |-- fabric-key-binding-api-v1 1.1.7+4fc5413f3e
	   |-- fabric-lifecycle-events-v1 2.6.15+4ebb5c083e
	   |-- fabric-loot-api-v2 3.0.73+3f89f5a53e
	   |-- fabric-loot-api-v3 2.0.20+78c8b4663e
	   |-- fabric-message-api-v1 6.1.12+4ebb5c083e
	   |-- fabric-model-loading-api-v1 6.0.15+4fc5413f3e
	   |-- fabric-networking-api-v1 5.1.5+ae1e07683e
	   |-- fabric-object-builder-api-v1 21.1.39+4fc5413f3e
	   |-- fabric-particles-v1 4.2.11+4fc5413f3e
	   |-- fabric-recipe-api-v1 8.2.3+4ebb5c083e
	   |-- fabric-registry-sync-v0 6.2.5+1718722b3e
	   |-- fabric-renderer-api-v1 8.0.3+f4ffd2e53e
	   |-- fabric-renderer-indigo 5.0.3+f4ffd2e53e
	   |-- fabric-rendering-fluids-v1 3.1.43+4ebb5c083e
	   |-- fabric-rendering-v1 16.2.10+0290ad933e
	   |-- fabric-resource-conditions-api-v1 5.0.35+4fc5413f3e
	   |-- fabric-resource-loader-v0 3.3.4+4fc5413f3e
	   |-- fabric-resource-loader-v1 1.0.10+78c8b4663e
	   |-- fabric-screen-api-v1 3.1.7+4ebb5c083e
	   |-- fabric-screen-handler-api-v1 1.3.161+4fc5413f3e
	   |-- fabric-serialization-api-v1 1.0.5+4ebb5c083e
	   |-- fabric-sound-api-v1 1.0.51+4fc5413f3e
	   |-- fabric-tag-api-v1 1.2.20+4fc5413f3e
	   |-- fabric-transfer-api-v1 6.0.25+4fc5413f3e
	   \-- fabric-transitive-access-wideners-v1 7.1.0+014c8cec3e
	- fabricloader 0.18.2
	   \-- mixinextras 0.5.0
	- fallingtree 1.21.11.3
	- forgeconfigapiport 21.11.1
	   |-- com_electronwill_night-config_core 3.8.3
	   \-- com_electronwill_night-config_toml 3.8.3
	- incendium 5.4.10
	- inventorymanagement 1.6.1
	- jade 21.1.1+fabric
	- java 21
	- jei 27.4.0.15
	- lithium 0.21.3+mc1.21.11
	- lithostitched 1.5.8+beta1
	- midnightlib 1.9.2
	- minecraft 1.21.11
	- puzzleslib 21.11.11
	- repurposed_structures 7.6.0+1.21.11-fabric
	- tectonic 3.0.19
	- waystones 21.11.4
[03:22:50] [main/INFO]: SpongePowered MIXIN Subsystem Version=0.8.7 Source=file:/workspaces/mclc3/servidor_minecraft/libraries/net/fabricmc/sponge-mixin/0.16.5+mixin.0.8.7/sponge-mixin-0.16.5+mixin.0.8.7.jar Service=Knot/Fabric Env=SERVER
[03:22:51] [main/INFO]: Compatibility level set to JAVA_17
[03:22:51] [main/INFO]: Compatibility level set to JAVA_21
[03:22:51] [main/WARN]: Reference map 'balm.refmap.json' for balm.mixins.json could not be read. If this is a development environment you can ignore this message
[03:22:51] [main/WARN]: Reference map 'balm.refmap.json' for balm.api.mixins.json could not be read. If this is a development environment you can ignore this message
[03:22:51] [main/WARN]: Reference map 'balm.refmap.json' for balm.fabric.mixins.json could not be read. If this is a development environment you can ignore this message
[03:22:51] [main/WARN]: Reference map 'clumps.refmap.json' for clumps.mixins.json could not be read. If this is a development environment you can ignore this message
[03:22:51] [main/WARN]: Reference map 'inventorymanagement-refmap.json' for inventorymanagement.mixins.json could not be read. If this is a development environment you can ignore this message
[03:22:51] [main/WARN]: Reference map 'inventorymanagement-refmap.json' for inventorymanagement.roundalib.mixins.json could not be read. If this is a development environment you can ignore this message
[03:22:51] [main/WARN]: Reference map 'kuma_api.refmap.json' for kuma_api.mixins.json could not be read. If this is a development environment you can ignore this message
[03:22:51] [main/WARN]: Reference map 'kuma_api.refmap.json' for kuma_api.fabric.mixins.json could not be read. If this is a development environment you can ignore this message
[03:22:51] [main/INFO]: Loaded configuration file for Lithium: 168 options available, 0 override(s) found.
[03:22:51] [main/WARN]: Reference map 'waystones.refmap.json' for waystones.mixins.json could not be read. If this is a development environment you can ignore this message
[03:22:51] [main/WARN]: Reference map 'waystones.refmap.json' for waystones.fabric.mixins.json could not be read. If this is a development environment you can ignore this message
[03:22:53] [main/INFO]: Initializing MixinExtras via com.llamalad7.mixinextras.service.MixinExtrasServiceImpl(version=0.5.0).
[03:23:00] [main/INFO]: Constructing components for diagonalblocks:common
[03:23:00] [main/INFO]: Constructing components for diagonalfences:common
[03:23:00] [main/INFO]: Constructing shapes for DiagonalFenceBlock[NodeWidth=2.0,ExtensionWidth=2.0,NodeTop=24.0,ExtensionBottom=0.0,ExtensionTop=24.0] took 28ms
[03:23:00] [main/INFO]: Constructing shapes for DiagonalFenceBlock[NodeWidth=2.0,ExtensionWidth=1.0,NodeTop=16.0,ExtensionBottom=6.0,ExtensionTop=15.0] took 116ms
[03:23:00] [main/INFO]: Constructing components for easyanvils:common
[03:23:00] [main/INFO]: Constructing components for easymagic:common
[03:23:00] [main/INFO]: Constructing components for easyshulkerboxes:common
[03:23:01] [main/INFO]: Constructing components for iteminteractions:common
[03:23:01] [main/INFO]: Constructing components for puzzleslib:common
[03:23:02] [main/INFO]: Environment: Environment[sessionHost=https://sessionserver.mojang.com, servicesHost=https://api.minecraftservices.com, profilesHost=https://api.mojang.com, name=PROD]
[03:23:02] [main/INFO]: Found new data pack balm, loading it automatically
[03:23:02] [main/INFO]: Found new data pack diagonalblocks, loading it automatically
[03:23:02] [main/INFO]: Found new data pack easyanvils, loading it automatically
[03:23:02] [main/INFO]: Found new data pack easymagic, loading it automatically
[03:23:02] [main/INFO]: Found new data pack easyshulkerboxes, loading it automatically
[03:23:02] [main/INFO]: Found new data pack easyshulkerboxes:bundles, loading it automatically
[03:23:02] [main/INFO]: Found new data pack easyshulkerboxes:ender_chest, loading it automatically
[03:23:02] [main/INFO]: Found new data pack easyshulkerboxes:shulker_boxes, loading it automatically
[03:23:02] [main/INFO]: Found new data pack fabric-convention-tags-v2, loading it automatically
[03:23:02] [main/INFO]: Found new data pack incendium, loading it automatically
[03:23:02] [main/INFO]: Found new data pack lithostitched, loading it automatically
[03:23:02] [main/INFO]: Found new data pack repurposed_structures, loading it automatically
[03:23:02] [main/INFO]: Found new data pack tectonic:tectonic, loading it automatically
[03:23:02] [main/INFO]: Found new data pack waystones, loading it automatically
[03:23:04] [main/INFO]: No existing world data, creating new world
[03:23:05] [main/INFO]: Loaded 1516 recipes
[03:23:05] [main/INFO]: Loaded 1709 advancements
[03:23:06] [main/INFO]: Applied 270 biome modifications to 72 of 73 new biomes in 14.80 ms
[03:23:06] [Server thread/INFO]: Dispatching loading event for config easyanvils-server.toml
[03:23:06] [Server thread/INFO]: Dispatching loading event for config easymagic-server.toml
[03:23:06] [Server thread/INFO]: Dispatching loading event for config iteminteractions-server.toml
[03:23:06] [Server thread/INFO]: Starting minecraft server version 1.21.11
[03:23:06] [Server thread/INFO]: Loading properties
[03:23:06] [Server thread/INFO]: Default game type: SURVIVAL
[03:23:06] [Server thread/INFO]: Generating keypair
[03:23:06] [Server thread/INFO]: Starting Minecraft server on *:25565
[03:23:06] [Server thread/WARN]: **** SERVER IS RUNNING IN OFFLINE/INSECURE MODE!
[03:23:06] [Server thread/WARN]: The server will make no attempt to authenticate usernames. Beware.
[03:23:06] [Server thread/WARN]: While this makes the game possible to play without internet access, it also opens up the ability for hackers to connect with any username they choose.
[03:23:06] [Server thread/WARN]: To change this, set "online-mode" to "true" in the server.properties file.
[03:23:06] [Server thread/INFO]: Preparing level "world"
[03:23:07] [Server thread/INFO]: Selecting global world spawn...
[03:23:22] [Server thread/INFO]: Loading 0 persistent chunks...
[03:23:22] [Server thread/INFO]: Preparing spawn area: 100%
[03:23:22] [Server thread/INFO]: Time elapsed: 14823 ms
[03:23:22] [Server thread/INFO]: Done (15.880s)! For help, type "help"
[03:23:22] [Server thread/INFO]: Start loading plugin from Balm: net.blay09.mods.balm.fabric.platform.compatibility.hudinfo.internal.FabricJadeModCompat
[03:23:22] [Server thread/INFO]: Start loading plugin from Jade: snownee.jade.addon.core.CorePlugin
[03:23:22] [Server thread/INFO]: Start loading plugin from Jade: snownee.jade.addon.vanilla.VanillaPlugin
[03:23:22] [Server thread/INFO]: Start loading plugin from Jade: snownee.jade.addon.universal.UniversalPlugin
[03:23:22] [Server thread/INFO]: Start loading plugin from Jade: snownee.jade.addon.access.AccessibilityPlugin
[03:23:22] [Server thread/INFO]: Start loading plugin from Jade: snownee.jade.addon.debug.DebugPlugin
[03:23:29] [Server thread/WARN]: Can't keep up! Is the server overloaded? Running 6674ms or 133 ticks behind
[03:24:28] [Server thread/INFO]: Server empty for 60 seconds, pausing
[03:24:44] [Server thread/INFO]: Cevaz[/127.32.254.246:50387] logged in with entity id 16 at (-102.5, 80.0, -953.5)
[03:24:44] [Server thread/INFO]: Cevaz joined the game
[03:27:03] [Server thread/INFO]: Cevaz lost connection: Disconnected
[03:27:03] [Server thread/INFO]: Cevaz left the game
[03:27:19] [Server thread/INFO]: Stopping the server
[03:27:19] [Server thread/INFO]: Stopping server
[03:27:19] [Server thread/INFO]: Saving players
[03:27:19] [Server thread/INFO]: Saving worlds
[03:27:19] [Server thread/INFO]: Saving chunks for level 'ServerLevel[world]'/minecraft:overworld
[03:27:20] [Server thread/INFO]: Saving chunks for level 'ServerLevel[world]'/minecraft:the_nether
[03:27:20] [Server thread/INFO]: Saving chunks for level 'ServerLevel[world]'/minecraft:the_end
[03:27:20] [Server thread/INFO]: ThreadedAnvilChunkStorage (world): All chunks are saved
[03:27:20] [Server thread/INFO]: ThreadedAnvilChunkStorage (DIM-1): All chunks are saved
[03:27:20] [Server thread/INFO]: ThreadedAnvilChunkStorage (DIM1): All chunks are saved
[03:27:20] [Server thread/INFO]: ThreadedAnvilChunkStorage: All dimensions are saved
[03:27:20] [Server thread/INFO]: Dispatching unloading event for config easyanvils-server.toml
[03:27:20] [Server thread/INFO]: Dispatching unloading event for config easymagic-server.toml
[03:27:20] [Server thread/INFO]: Dispatching unloading event for config iteminteractions-server.toml
